[33mΓ¥»[39m Building...
[32mΓ£ö[39m Building...
[35mBrowser bundles[39m     
[1mInitial chunk files[22m [2m | [22m[1mNames[22m           [2m | [22m [1mRaw size[22m[2m | [22m[1mEstimated transfer size[22m
[32mchunk-ZTE5Q5XK.js[39m   [2m | [22m[2m-[22m               [2m | [22m[36m254.00 kB[39m[2m | [22m               [36m70.74 kB[39m
[32mstyles-6WJPYP34.css[39m [2m | [22m[2mstyles[22m          [2m | [22m [36m10.74 kB[39m[2m | [22m              [36m666 bytes[39m
[32mmain-VOOL2KIF.js[39m    [2m | [22m[2mmain[22m            [2m | [22m[36m686 bytes[39m[2m | [22m              [36m686 bytes[39m

[1m [22m                   [2m | [22m[1mInitial total[22m   [2m | [22m[1m265.43 kB[22m[2m | [22m               [1m72.09 kB[22m

[1mLazy chunk files[22m    [2m | [22m[1mNames[22m           [2m | [22m [1mRaw size[22m[2m | [22m[1mEstimated transfer size[22m
[32mchunk-2AJC3VAJ.js[39m   [2m | [22m[2m-[22m               [2m | [22m [36m54.76 kB[39m[2m | [22m               [36m16.47 kB[39m
[32mchunk-B2IXJWGX.js[39m   [2m | [22m[2mhome[22m            [2m | [22m [36m38.65 kB[39m[2m | [22m                [36m8.96 kB[39m
[32mchunk-UULDCC7H.js[39m   [2m | [22m[2mcategory[22m        [2m | [22m [36m24.04 kB[39m[2m | [22m                [36m5.85 kB[39m
[32mchunk-FJM5BKGD.js[39m   [2m | [22m[2mnews-detail[22m     [2m | [22m [36m18.56 kB[39m[2m | [22m                [36m5.10 kB[39m


[35mServer bundles[39m      
[1mInitial chunk files[22m [2m | [22m[1mNames[22m           [2m | [22m [1mRaw size[22m
[32mserver.mjs[39m          [2m | [22m[2mserver[22m          [2m | [22m[36m811.56 kB[39m[2m | [22m                       
[32mmain.server.mjs[39m     [2m | [22m[2mmain.server[22m     [2m | [22m[36m439.41 kB[39m[2m | [22m                       
[32mchunk-NNCXGK5R.mjs[39m  [2m | [22m[2m-[22m               [2m | [22m[36m251.25 kB[39m[2m | [22m                       
[32mpolyfills.server.mjs[39m[2m | [22m[2mpolyfills.server[22m[2m | [22m[36m233.73 kB[39m[2m | [22m                       
[32mchunk-BBJ2OP3G.mjs[39m  [2m | [22m[2m-[22m               [2m | [22m  [36m1.34 kB[39m[2m | [22m                       
[32mchunk-T55IDOPT.mjs[39m  [2m | [22m[2m-[22m               [2m | [22m[36m976 bytes[39m[2m | [22m                       

[1mLazy chunk files[22m    [2m | [22m[1mNames[22m           [2m | [22m [1mRaw size[22m
[32mchunk-NZNJVNTM.mjs[39m  [2m | [22m[2m-[22m               [2m | [22m [36m54.80 kB[39m[2m | [22m                       
[32mchunk-F7OFKH2J.mjs[39m  [2m | [22m[2mhome[22m            [2m | [22m [36m38.73 kB[39m[2m | [22m                       
[32mchunk-LR2OWB4F.mjs[39m  [2m | [22m[2mcategory[22m        [2m | [22m [36m24.11 kB[39m[2m | [22m                       
[32mchunk-YCPTIRO5.mjs[39m  [2m | [22m[2mnews-detail[22m     [2m | [22m [36m18.64 kB[39m[2m | [22m                       
[32mchunk-BP7AI3FB.mjs[39m  [2m | [22m[2mxhr2[22m            [2m | [22m [36m12.17 kB[39m[2m | [22m                       
[32mchunk-N3SI5I4Q.mjs[39m  [2m | [22m[2mxhr2[22m            [2m | [22m [36m12.07 kB[39m[2m | [22m                       

[35mPrerendered 1 static route.[39m
Application bundle generation failed. [32.195 seconds] - 2026-04-01T03:23:58.568Z

node.exe : [1m[33m[33mΓû
▓ [43;33m[[43;30mWARNING
[43;33m][0m [1msrc/app/ne
ws-detail/news-detail.css e
xceeded maximum budget. Bud
get 4.00 kB was not met by 
4.30 kB with a total of 8.3
0 kB.[0m
At C:\Program Files\nodejs\
npx.ps1:29 char:3
+   & $NODE_EXE $NPX_CLI_JS
 $args
+   ~~~~~~~~~~~~~~~~~~~~~~~
~~~~~~
    + CategoryInfo         
     : NotSpecified: ([1  
  m[33m[33mΓ...of 8.30   
  kB.[0m:String) [], R    
emoteException
    + FullyQualifiedErrorI 
   d : NativeCommandError
 


[33mΓû▓ [43;33m[[43;30mW
ARNING[43;33m][0m [1msrc
/app/navbar/navbar.css exce
eded maximum budget. Budget
 4.00 kB was not met by 3.0
2 kB with a total of 7.03 k
B.[0m


[33mΓû▓ [43;33m[[43;30mW
ARNING[43;33m][0m [1msrc
/app/category/category.css 
exceeded maximum budget. Bu
dget 4.00 kB was not met by
 7.27 kB with a total of 11
.27 kB.[0m


[33mΓû▓ [43;33m[[43;30mW
ARNING[43;33m][0m [1msrc
/app/home/home.css exceeded
 maximum budget. Budget 4.0
0 kB was not met by 14.62 k
B with a total of 18.62 kB.
[0m

[39m[22m
[1m[31m[31mX [41;31m[[
41;97mERROR[41;31m][0m [
1msrc/app/news-detail/news-
detail.css exceeded maximum
 budget. Budget 8.00 kB was
 not met by 296 bytes with 
a total of 8.30 kB.[0m


[31mX [41;31m[[41;97mERR
OR[41;31m][0m [1msrc/app
/category/category.css exce
eded maximum budget. Budget
 8.00 kB was not met by 3.2
7 kB with a total of 11.27 
kB.[0m


[31mX [41;31m[[41;97mERR
OR[41;31m][0m [1msrc/app
/home/home.css exceeded max
imum budget. Budget 8.00 kB
 was not met by 10.62 kB wi
th a total of 18.62 kB.[0m


[31mX [41;31m[[41;97mERR
OR[41;31m][0m [1mThe 'be
rita/:id' route uses preren
dering and includes paramet
ers, but 'getPrerenderParam
s' is missing. Please defin
e 'getPrerenderParams' func
tion for this route in your
 server routing configurati
on or specify a different '
renderMode'.[0m

[39m[22m
